// Jest Snapshot v1, https://goo.gl/fbAQLP

exports[`Accordian component renders empty li when sections prop not supplied 1`] = `
<div>
  <ul />
</div>
`;

exports[`Accordian component renders no sections as active by default 1`] = `
<div>
  <ul>
    <li
      key="0"
    >
      <button
        onClick={[Function]}
      >
        Section 1
      </button>
      <p />
    </li>
    <li
      key="1"
    >
      <button
        onClick={[Function]}
      >
        Section 2
      </button>
      <p />
    </li>
    <li
      key="2"
    >
      <button
        onClick={[Function]}
      >
        Section 3
      </button>
      <p />
    </li>
  </ul>
</div>
`;
